// Jest Snapshot v1, https://goo.gl/fbAQLP

exports[`Renders Routes matches snapshot 1`] = `
<DocumentFragment>
  <div>
    <h1>
      Hello, Test!
    </h1>
  </div>
</DocumentFragment>
`;
